
> frontend@0.0.0 start
> ng serve

node.exe : 
[1m[33mComponent HMR 
has been enabled, see h
ttps://angular.dev/hmr 
for more 
info.[39m[22m
At C:\Program Files\nod
ejs\npm.ps1:29 char:3
+   & $NODE_EXE 
$NPM_CLI_JS $args
+   ~~~~~~~~~~~~~~~~~~~
~~~~~~~~~~
    + CategoryInfo     
         : NotSpecifi  
  ed: ([1m[33mComp   
 on...info.[39m[2    
2m:String) [], Rem    
oteException
    + FullyQualifiedEr 
   rorId : NativeComm  
  andError
 
[33mΓ¥»[39m Building...
[32mΓ£ö[39m Building...
Application bundle generation failed. [5.817 seconds]

[1m[33m[33mΓû▓ [43;
33m[[43;30mWARNING[43
;33m][0m [1mNG8107: 
The left side of this 
optional chain 
operation does not 
include 'null' or 
'undefined' in its 
type, therefore the 
'?.' operator can be 
replaced with the '.' 
operator.[0m 
[1m[35m[plugin 
angular-compiler][0m

    src/app/components/
doctor-dashboard/doctor
-dashboard.component.ht
ml:55:65:
[37m      55 Γöé ...  
          {{ req.prescr
iption?.[32mpatient[3
7m?.fullName || 
'Patient' }}
         Γò╡           
                       
   [32m~~~~~~~[0m

  Error occurs in the 
template of component D
octorDashboardComponent
.

    src/app/components/
doctor-dashboard/doctor
-dashboard.component.ts
:17:17:
[37m      17 Γöé     
templateUrl: [32m'./do
ctor-dashboard.componen
t.html'[37m,
         Γò╡           
       [32m~~~~~~~~~~~
~~~~~~~~~~~~~~~~~~~~~~~
~[0m


[33mΓû▓ [43;33m[[43;
30mWARNING[43;33m][0m
 [1mNG8107: The left 
side of this optional 
chain operation does 
not include 'null' or 
'undefined' in its 
type, therefore the 
'?.' operator can be 
replaced with the '.' 
operator.[0m 
[1m[35m[plugin 
angular-compiler][0m

    src/app/components/
doctor-dashboard/doctor
-dashboard.component.ht
ml:62:95:
[37m      62 Γöé 
...<td class="py-3 
text-muted small">{{ re
q.prescription?.[32mcr
eatedAt[37m |
         Γò╡           
                       
                       
  [32m~~~~~~~~~[0m

  Error occurs in the 
template of component D
octorDashboardComponent
.

    src/app/components/
doctor-dashboard/doctor
-dashboard.component.ts
:17:17:
[37m      17 Γöé     
templateUrl: [32m'./do
ctor-dashboard.componen
t.html'[37m,
         Γò╡           
       [32m~~~~~~~~~~~
~~~~~~~~~~~~~~~~~~~~~~~
~[0m


[33mΓû▓ [43;33m[[43;
30mWARNING[43;33m][0m
 [1mNG8107: The left 
side of this optional 
chain operation does 
not include 'null' or 
'undefined' in its 
type, therefore the 
'?.' operator can be 
replaced with the '.' 
operator.[0m 
[1m[35m[plugin 
angular-compiler][0m

    src/app/components/
doctor-dashboard/doctor
-dashboard.component.ht
ml:152:76:
[37m      152 Γöé 
...ss="small 
text-muted mb-3">{{draf
t.items?.[32mlength[3
7m || 0}} items</p>
          Γò╡          
                       
             
[32m~~~~~~[0m

  Error occurs in the 
template of component D
octorDashboardComponent
.

    src/app/components/
doctor-dashboard/doctor
-dashboard.component.ts
:17:17:
[37m      17 Γöé     
templateUrl: [32m'./do
ctor-dashboard.componen
t.html'[37m,
         Γò╡           
       [32m~~~~~~~~~~~
~~~~~~~~~~~~~~~~~~~~~~~
~[0m


[33mΓû▓ [43;33m[[43;
30mWARNING[43;33m][0m
 [1mNG8107: The left 
side of this optional 
chain operation does 
not include 'null' or 
'undefined' in its 
type, therefore the 
'?.' operator can be 
safely removed.[0m 
[1m[35m[plugin 
angular-compiler][0m

    src/app/components/
patient-dashboard/patie
nt-dashboard.component.
html:228:88:
[37m      228 Γöé 
...p.doctor?.fullName 
}} prescribed {{ [32mp
.items?.[0][37m?.medic
ineName ||
          Γò╡          
                       
       
[32m~~~~~~~~~~~~[0m

  Error occurs in the 
template of component P
atientDashboardComponen
t.

    src/app/components/
patient-dashboard/patie
nt-dashboard.component.
ts:25:17:
[37m      25 Γöé     
templateUrl: [32m'./pa
tient-dashboard.compone
nt.html'[37m,
         Γò╡           
       [32m~~~~~~~~~~~
~~~~~~~~~~~~~~~~~~~~~~~
~~[0m


[33mΓû▓ [43;33m[[43;
30mWARNING[43;33m][0m
 [1mNG8107: The left 
side of this optional 
chain operation does 
not include 'null' or 
'undefined' in its 
type, therefore the 
'?.' operator can be 
replaced with the '.' 
operator.[0m 
[1m[35m[plugin 
angular-compiler][0m

    src/app/components/
patient-dashboard/patie
nt-dashboard.component.
html:349:67:
[37m      349 Γöé ... 
                       
           {{ p.items[0
]?.[32mmedicineName[3
7m }}
          Γò╡          
                       
                     
[32m~~~~~~~~~~~~[0m

  Error occurs in the 
template of component P
atientDashboardComponen
t.

    src/app/components/
patient-dashboard/patie
nt-dashboard.component.
ts:25:17:
[37m      25 Γöé     
templateUrl: [32m'./pa
tient-dashboard.compone
nt.html'[37m,
         Γò╡           
       [32m~~~~~~~~~~~
~~~~~~~~~~~~~~~~~~~~~~~
~~[0m


[33mΓû▓ [43;33m[[43;
30mWARNING[43;33m][0m
 [1mNG8107: The left 
side of this optional 
chain operation does 
not include 'null' or 
'undefined' in its 
type, therefore the 
'?.' operator can be 
replaced with the '.' 
operator.[0m 
[1m[35m[plugin 
angular-compiler][0m

    src/app/components/
patient-dashboard/patie
nt-dashboard.component.
html:351:110:
[37m      351 Γöé ...t
yle="font-size:0.78rem;
 color:#636e72;">{{ p.i
tems[0]?.[32mdosage[3
7m }}
          Γò╡          
                       
                       
    [32m~~~~~~[0m

  Error occurs in the 
template of component P
atientDashboardComponen
t.

    src/app/components/
patient-dashboard/patie
nt-dashboard.component.
ts:25:17:
[37m      25 Γöé     
templateUrl: [32m'./pa
tient-dashboard.compone
nt.html'[37m,
         Γò╡           
       [32m~~~~~~~~~~~
~~~~~~~~~~~~~~~~~~~~~~~
~~[0m


[33mΓû▓ [43;33m[[43;
30mWARNING[43;33m][0m
 [1mNG8107: The left 
side of this optional 
chain operation does 
not include 'null' or 
'undefined' in its 
type, therefore the 
'?.' operator can be 
replaced with the '.' 
operator.[0m 
[1m[35m[plugin 
angular-compiler][0m

    src/app/components/
patient-dashboard/patie
nt-dashboard.component.
html:425:60:
[37m      425 Γöé ... 
                       
       p.items[0]?.[32
mmedicineName[37m 
}}</span>
          Γò╡          
                       
              
[32m~~~~~~~~~~~~[0m

  Error occurs in the 
template of component P
atientDashboardComponen
t.

    src/app/components/
patient-dashboard/patie
nt-dashboard.component.
ts:25:17:
[37m      25 Γöé     
templateUrl: [32m'./pa
tient-dashboard.compone
nt.html'[37m,
         Γò╡           
       [32m~~~~~~~~~~~
~~~~~~~~~~~~~~~~~~~~~~~
~~[0m


[33mΓû▓ [43;33m[[43;
30mWARNING[43;33m][0m
 [1mNG8107: The left 
side of this optional 
chain operation does 
not include 'null' or 
'undefined' in its 
type, therefore the 
'?.' operator can be 
replaced with the '.' 
operator.[0m 
[1m[35m[plugin 
angular-compiler][0m

    src/app/components/
patient-dashboard/patie
nt-dashboard.component.
html:551:87:
[37m      551 Γöé ...t
-weight:700;color:#2d34
36;">{{ p.items[0]?.[3
2mmedicineName[37m 
}}</div>
          Γò╡          
                       
               
[32m~~~~~~~~~~~~[0m

  Error occurs in the 
template of component P
atientDashboardComponen
t.

    src/app/components/
patient-dashboard/patie
nt-dashboard.component.
ts:25:17:
[37m      25 Γöé     
templateUrl: [32m'./pa
tient-dashboard.compone
nt.html'[37m,
         Γò╡           
       [32m~~~~~~~~~~~
~~~~~~~~~~~~~~~~~~~~~~~
~~[0m


[33mΓû▓ [43;33m[[43;
30mWARNING[43;33m][0m
 [1mNG8107: The left 
side of this optional 
chain operation does 
not include 'null' or 
'undefined' in its 
type, therefore the 
'?.' operator can be 
replaced with the '.' 
operator.[0m 
[1m[35m[plugin 
angular-compiler][0m

    src/app/components/
patient-dashboard/patie
nt-dashboard.component.
html:552:89:
[37m      552 Γöé ...t
-size:0.78rem;color:#63
6e72;">{{ p.items[0]?.
[32mdosage[37m }} ┬╖ 
Dr. {{
          Γò╡          
                       
                 
[32m~~~~~~[0m

  Error occurs in the 
template of component P
atientDashboardComponen
t.

    src/app/components/
patient-dashboard/patie
nt-dashboard.component.
ts:25:17:
[37m      25 Γöé     
templateUrl: [32m'./pa
tient-dashboard.compone
nt.html'[37m,
         Γò╡           
       [32m~~~~~~~~~~~
~~~~~~~~~~~~~~~~~~~~~~~
~~[0m


[33mΓû▓ [43;33m[[43;
30mWARNING[43;33m][0m
 [1mNG8107: The left 
side of this optional 
chain operation does 
not include 'null' or 
'undefined' in its 
type, therefore the 
'?.' operator can be 
replaced with the '.' 
operator.[0m 
[1m[35m[plugin 
angular-compiler][0m

    src/app/components/
patient-dashboard/patie
nt-dashboard.component.
html:568:45:
[37m      568 Γöé ... 
         <span>{{ p.ite
ms[0]?.[32mstartDate[
37m | date:'MMM d' 
}}</span>
          Γò╡          
                       
  [32m~~~~~~~~~[0m

  Error occurs in the 
template of component P
atientDashboardComponen
t.

    src/app/components/
patient-dashboard/patie
nt-dashboard.component.
ts:25:17:
[37m      25 Γöé     
templateUrl: [32m'./pa
tient-dashboard.compone
nt.html'[37m,
         Γò╡           
       [32m~~~~~~~~~~~
~~~~~~~~~~~~~~~~~~~~~~~
~~[0m


[33mΓû▓ [43;33m[[43;
30mWARNING[43;33m][0m
 [1mNG8107: The left 
side of this optional 
chain operation does 
not include 'null' or 
'undefined' in its 
type, therefore the 
'?.' operator can be 
replaced with the '.' 
operator.[0m 
[1m[35m[plugin 
angular-compiler][0m

    src/app/components/
patient-dashboard/patie
nt-dashboard.component.
html:569:45:
[37m      569 Γöé ... 
           <span>{{ p.i
tems[0]?.[32mendDate[
37m | date:'MMM d' 
}}</span>
          Γò╡          
                       
    [32m~~~~~~~[0m

  Error occurs in the 
template of component P
atientDashboardComponen
t.

    src/app/components/
patient-dashboard/patie
nt-dashboard.component.
ts:25:17:
[37m      25 Γöé     
templateUrl: [32m'./pa
tient-dashboard.compone
nt.html'[37m,
         Γò╡           
       [32m~~~~~~~~~~~
~~~~~~~~~~~~~~~~~~~~~~~
~~[0m


[33mΓû▓ [43;33m[[43;
30mWARNING[43;33m][0m
 [1mNG8107: The left 
side of this optional 
chain operation does 
not include 'null' or 
'undefined' in its 
type, therefore the 
'?.' operator can be 
replaced with the '.' 
operator.[0m 
[1m[35m[plugin 
angular-compiler][0m

    src/app/components/
patient-dashboard/patie
nt-dashboard.component.
html:676:61:
[37m      676 Γöé ... 
                    {{ 
doc.fullName?.[32mchar
At[37m(0)?.toUpperCase
() }}
          Γò╡          
                       
         
[32m~~~~~~[0m

  Error occurs in the 
template of component P
atientDashboardComponen
t.

    src/app/components/
patient-dashboard/patie
nt-dashboard.component.
ts:25:17:
[37m      25 Γöé     
templateUrl: [32m'./pa
tient-dashboard.compone
nt.html'[37m,
         Γò╡           
       [32m~~~~~~~~~~~
~~~~~~~~~~~~~~~~~~~~~~~
~~[0m


[33mΓû▓ [43;33m[[43;
30mWARNING[43;33m][0m
 [1mTS-998113: 
VitalsChartComponent 
is not used within the 
template of PatientDash
boardComponent[0m 
[1m[35m[plugin 
angular-compiler][0m

    src/app/components/
patient-dashboard/patie
nt-dashboard.component.
ts:24:55:
[37m      24 Γöé 
...rModule, 
FormsModule, [32mVital
sChartComponent[37m, 
SosCardComponent, A...
         Γò╡           
               [32m~~~
~~~~~~~~~~~~~~~~~[0m


[33mΓû▓ [43;33m[[43;
30mWARNING[43;33m][0m
 [1mTS-998113: 
SosCardComponent is 
not used within the 
template of PatientDash
boardComponent[0m 
[1m[35m[plugin 
angular-compiler][0m

    src/app/components/
patient-dashboard/patie
nt-dashboard.component.
ts:24:77:
[37m      24 Γöé ..., 
VitalsChartComponent, 
[32mSosCardComponent[3
7m, AdherenceGaugeCompo
ne...
         Γò╡           
                 [32m~
~~~~~~~~~~~~~~~[0m


[33mΓû▓ [43;33m[[43;
30mWARNING[43;33m][0m
 [1mNG8107: The left 
side of this optional 
chain operation does 
not include 'null' or 
'undefined' in its 
type, therefore the 
'?.' operator can be 
replaced with the '.' 
operator.[0m 
[1m[35m[plugin 
angular-compiler][0m

    src/app/components/
prescription-list/presc
ription-list.component.
html:34:39:
[37m      34 Γöé      
               <td>{{ p
.items[0]?.[32mmedicin
eName[37m || 'N/A' 
}}</td>
         Γò╡           
                       
      
[32m~~~~~~~~~~~~[0m

  Error occurs in the 
template of component P
rescriptionListComponen
t.

    src/app/components/
prescription-list/presc
ription-list.component.
ts:12:17:
[37m      12 Γöé     
templateUrl: [32m'./pr
escription-list.compone
nt.html'[37m,
         Γò╡           
       [32m~~~~~~~~~~~
~~~~~~~~~~~~~~~~~~~~~~~
~~[0m


[33mΓû▓ [43;33m[[43;
30mWARNING[43;33m][0m
 [1mNG8107: The left 
side of this optional 
chain operation does 
not include 'null' or 
'undefined' in its 
type, therefore the 
'?.' operator can be 
replaced with the '.' 
operator.[0m 
[1m[35m[plugin 
angular-compiler][0m

    src/app/components/
prescription-list/presc
ription-list.component.
html:36:39:
[37m      36 Γöé      
               <td>{{ p
.items[0]?.[32mdosage
[37m }}</td>
         Γò╡           
                       
      [32m~~~~~~[0m

  Error occurs in the 
template of component P
rescriptionListComponen
t.

    src/app/components/
prescription-list/presc
ription-list.component.
ts:12:17:
[37m      12 Γöé     
templateUrl: [32m'./pr
escription-list.compone
nt.html'[37m,
         Γò╡           
       [32m~~~~~~~~~~~
~~~~~~~~~~~~~~~~~~~~~~~
~~[0m

[39m[22m
[1m[31m[31mX [41;31
m[[41;97mERROR[41;31m
][0m [1mNG8002: 
Can't bind to 
'transform' since it 
isn't a known property 
of ':svg:circle'.[0m 
[1m[35m[plugin 
angular-compiler][0m

    src/app/components/
adherence-gauge/adheren
ce-gauge.component.ts:3
2:10:
[37m      32 Γöé      
     [32mtransform="ro
tate(-90 {{center}} 
{{center}})"[37m
         Γò╡           
[32m~~~~~~~~~~~~~~~~~~
~~~~~~~~~~~~~~~~~~~~~~~
~~~~[0m

[39m[22m
Watch mode enabled. Watching for file changes...
[33mΓ¥»[39m Changes detected. Rebuilding...
[32mΓ£ö[39m Changes detected. Rebuilding...
[1mInitial chunk files[22m[2m | [22m[1mNames[22m                                 [2m | [22m [1mRaw size[22m
[32mmain.js[39m            [2m | [22m[2mmain[22m                                  [2m | [22m[36m180.22 kB[39m[2m | [22m
[32mstyles.css[39m         [2m | [22m[2mstyles[22m                                [2m | [22m[36m106.97 kB[39m[2m | [22m
[32mpolyfills.js[39m       [2m | [22m[2mpolyfills[22m                             [2m | [22m [36m89.77 kB[39m[2m | [22m
[32mchunk-NQ5XESIC.js[39m  [2m | [22m[2m-[22m                                     [2m | [22m  [36m4.26 kB[39m[2m | [22m
[32mchunk-JOB7DOU7.js[39m  [2m | [22m[2m-[22m                                     [2m | [22m  [36m3.00 kB[39m[2m | [22m
[32mchunk-64U6OSL5.js[39m  [2m | [22m[2m-[22m                                     [2m | [22m  [36m2.63 kB[39m[2m | [22m
[32mchunk-437JDP5C.js[39m  [2m | [22m[2m-[22m                                     [2m | [22m  [36m1.61 kB[39m[2m | [22m
[32mchunk-SG2LYVAH.js[39m  [2m | [22m[2m-[22m                                     [2m | [22m[36m894 bytes[39m[2m | [22m

[1m [22m                  [2m | [22m[1mInitial total[22m                         [2m | [22m[1m389.36 kB[22m

[1mLazy chunk files[22m   [2m | [22m[1mNames[22m                                 [2m | [22m [1mRaw size[22m
[32mchunk-7O3FX226.js[39m  [2m | [22m[2mpatient-dashboard-component[22m           [2m | [22m[36m192.33 kB[39m[2m | [22m
[32mchunk-AY7HCFCY.js[39m  [2m | [22m[2mpatient-audit-timeline-component[22m      [2m | [22m [36m64.29 kB[39m[2m | [22m
[32mchunk-S5PCAKC6.js[39m  [2m | [22m[2mdoctor-dashboard-component[22m            [2m | [22m [36m59.28 kB[39m[2m | [22m
[32mchunk-YGLKMPH5.js[39m  [2m | [22m[2mmedication-schedule-create-component[22m  [2m | [22m [36m46.95 kB[39m[2m | [22m
[32mchunk-2U4MNBCJ.js[39m  [2m | [22m[2maudit-trace-component[22m                 [2m | [22m [36m43.93 kB[39m[2m | [22m
[32mchunk-47Q4FDNR.js[39m  [2m | [22m[2madmin-dashboard-component[22m             [2m | [22m [36m43.20 kB[39m[2m | [22m
[32mchunk-XSXXQPXA.js[39m  [2m | [22m[2mprescription-detail-component[22m         [2m | [22m [36m43.03 kB[39m[2m | [22m
[32mchunk-F4FZRLES.js[39m  [2m | [22m[2mdose-tracker-component[22m                [2m | [22m [36m33.88 kB[39m[2m | [22m
[32mchunk-6FSQHHUN.js[39m  [2m | [22m[2mpharmacist-dashboard-component[22m        [2m | [22m [36m29.71 kB[39m[2m | [22m
[32mchunk-JXFMWW5G.js[39m  [2m | [22m[2mmedication-schedule-list-component[22m    [2m | [22m [36m25.03 kB[39m[2m | [22m
[32mchunk-WPNNB64E.js[39m  [2m | [22m[2mpatient-profile-component[22m             [2m | [22m [36m23.53 kB[39m[2m | [22m
[32mchunk-HHQYZFCN.js[39m  [2m | [22m[2minventory-dashboard-component[22m         [2m | [22m [36m22.84 kB[39m[2m | [22m
[32mchunk-ITIZLGZW.js[39m  [2m | [22m[2mschedule-audit-timeline-component[22m     [2m | [22m [36m19.19 kB[39m[2m | [22m
[32mchunk-F4CERV3W.js[39m  [2m | [22m[2mprescription-list-component[22m           [2m | [22m [36m18.86 kB[39m[2m | [22m
[32mchunk-VW2KX6BT.js[39m  [2m | [22m[2mschedule-analytics-dashboard-component[22m[2m | [22m [36m17.84 kB[39m[2m | [22m
[2m...and 12 more lazy chunks files. Use "--verbose" to show all the files.[22m

Application bundle generation complete. [4.619 seconds]

[1m[33m[33mΓû▓ [43;
33m[[43;30mWARNING[43
;33m][0m [1mNG8107: 
The left side of this 
optional chain 
operation does not 
include 'null' or 
'undefined' in its 
type, therefore the 
'?.' operator can be 
replaced with the '.' 
operator.[0m 
[1m[35m[plugin 
angular-compiler][0m

    src/app/components/
doctor-dashboard/doctor
-dashboard.component.ht
ml:55:65:
[37m      55 Γöé ...  
          {{ req.prescr
iption?.[32mpatient[3
7m?.fullName || 
'Patient' }}
         Γò╡           
                       
   [32m~~~~~~~[0m

  Error occurs in the 
template of component D
octorDashboardComponent
.

    src/app/components/
doctor-dashboard/doctor
-dashboard.component.ts
:17:17:
[37m      17 Γöé     
templateUrl: [32m'./do
ctor-dashboard.componen
t.html'[37m,
         Γò╡           
       [32m~~~~~~~~~~~
~~~~~~~~~~~~~~~~~~~~~~~
~[0m


[33mΓû▓ [43;33m[[43;
30mWARNING[43;33m][0m
 [1mNG8107: The left 
side of this optional 
chain operation does 
not include 'null' or 
'undefined' in its 
type, therefore the 
'?.' operator can be 
replaced with the '.' 
operator.[0m 
[1m[35m[plugin 
angular-compiler][0m

    src/app/components/
doctor-dashboard/doctor
-dashboard.component.ht
ml:62:95:
[37m      62 Γöé 
...<td class="py-3 
text-muted small">{{ re
q.prescription?.[32mcr
eatedAt[37m |
         Γò╡           
                       
                       
  [32m~~~~~~~~~[0m

  Error occurs in the 
template of component D
octorDashboardComponent
.

    src/app/components/
doctor-dashboard/doctor
-dashboard.component.ts
:17:17:
[37m      17 Γöé     
templateUrl: [32m'./do
ctor-dashboard.componen
t.html'[37m,
         Γò╡           
       [32m~~~~~~~~~~~
~~~~~~~~~~~~~~~~~~~~~~~
~[0m


[33mΓû▓ [43;33m[[43;
30mWARNING[43;33m][0m
 [1mNG8107: The left 
side of this optional 
chain operation does 
not include 'null' or 
'undefined' in its 
type, therefore the 
'?.' operator can be 
replaced with the '.' 
operator.[0m 
[1m[35m[plugin 
angular-compiler][0m

    src/app/components/
doctor-dashboard/doctor
-dashboard.component.ht
ml:152:76:
[37m      152 Γöé 
...ss="small 
text-muted mb-3">{{draf
t.items?.[32mlength[3
7m || 0}} items</p>
          Γò╡          
                       
             
[32m~~~~~~[0m

  Error occurs in the 
template of component D
octorDashboardComponent
.

    src/app/components/
doctor-dashboard/doctor
-dashboard.component.ts
:17:17:
[37m      17 Γöé     
templateUrl: [32m'./do
ctor-dashboard.componen
t.html'[37m,
         Γò╡           
       [32m~~~~~~~~~~~
~~~~~~~~~~~~~~~~~~~~~~~
~[0m


[33mΓû▓ [43;33m[[43;
30mWARNING[43;33m][0m
 [1mNG8107: The left 
side of this optional 
chain operation does 
not include 'null' or 
'undefined' in its 
type, therefore the 
'?.' operator can be 
safely removed.[0m 
[1m[35m[plugin 
angular-compiler][0m

    src/app/components/
patient-dashboard/patie
nt-dashboard.component.
html:228:88:
[37m      228 Γöé 
...p.doctor?.fullName 
}} prescribed {{ [32mp
.items?.[0][37m?.medic
ineName ||
          Γò╡          
                       
       
[32m~~~~~~~~~~~~[0m

  Error occurs in the 
template of component P
atientDashboardComponen
t.

    src/app/components/
patient-dashboard/patie
nt-dashboard.component.
ts:25:17:
[37m      25 Γöé     
templateUrl: [32m'./pa
tient-dashboard.compone
nt.html'[37m,
         Γò╡           
       [32m~~~~~~~~~~~
~~~~~~~~~~~~~~~~~~~~~~~
~~[0m


[33mΓû▓ [43;33m[[43;
30mWARNING[43;33m][0m
 [1mNG8107: The left 
side of this optional 
chain operation does 
not include 'null' or 
'undefined' in its 
type, therefore the 
'?.' operator can be 
replaced with the '.' 
operator.[0m 
[1m[35m[plugin 
angular-compiler][0m

    src/app/components/
patient-dashboard/patie
nt-dashboard.component.
html:349:67:
[37m      349 Γöé ... 
                       
           {{ p.items[0
]?.[32mmedicineName[3
7m }}
          Γò╡          
                       
                     
[32m~~~~~~~~~~~~[0m

  Error occurs in the 
template of component P
atientDashboardComponen
t.

    src/app/components/
patient-dashboard/patie
nt-dashboard.component.
ts:25:17:
[37m      25 Γöé     
templateUrl: [32m'./pa
tient-dashboard.compone
nt.html'[37m,
         Γò╡           
       [32m~~~~~~~~~~~
~~~~~~~~~~~~~~~~~~~~~~~
~~[0m


[33mΓû▓ [43;33m[[43;
30mWARNING[43;33m][0m
 [1mNG8107: The left 
side of this optional 
chain operation does 
not include 'null' or 
'undefined' in its 
type, therefore the 
'?.' operator can be 
replaced with the '.' 
operator.[0m 
[1m[35m[plugin 
angular-compiler][0m

    src/app/components/
patient-dashboard/patie
nt-dashboard.component.
html:351:110:
[37m      351 Γöé ...t
yle="font-size:0.78rem;
 color:#636e72;">{{ p.i
tems[0]?.[32mdosage[3
7m }}
          Γò╡          
                       
                       
    [32m~~~~~~[0m

  Error occurs in the 
template of component P
atientDashboardComponen
t.

    src/app/components/
patient-dashboard/patie
nt-dashboard.component.
ts:25:17:
[37m      25 Γöé     
templateUrl: [32m'./pa
tient-dashboard.compone
nt.html'[37m,
         Γò╡           
       [32m~~~~~~~~~~~
~~~~~~~~~~~~~~~~~~~~~~~
~~[0m


[33mΓû▓ [43;33m[[43;
30mWARNING[43;33m][0m
 [1mNG8107: The left 
side of this optional 
chain operation does 
not include 'null' or 
'undefined' in its 
type, therefore the 
'?.' operator can be 
replaced with the '.' 
operator.[0m 
[1m[35m[plugin 
angular-compiler][0m

    src/app/components/
patient-dashboard/patie
nt-dashboard.component.
html:425:60:
[37m      425 Γöé ... 
                       
       p.items[0]?.[32
mmedicineName[37m 
}}</span>
          Γò╡          
                       
              
[32m~~~~~~~~~~~~[0m

  Error occurs in the 
template of component P
atientDashboardComponen
t.

    src/app/components/
patient-dashboard/patie
nt-dashboard.component.
ts:25:17:
[37m      25 Γöé     
templateUrl: [32m'./pa
tient-dashboard.compone
nt.html'[37m,
         Γò╡           
       [32m~~~~~~~~~~~
~~~~~~~~~~~~~~~~~~~~~~~
~~[0m


[33mΓû▓ [43;33m[[43;
30mWARNING[43;33m][0m
 [1mNG8107: The left 
side of this optional 
chain operation does 
not include 'null' or 
'undefined' in its 
type, therefore the 
'?.' operator can be 
replaced with the '.' 
operator.[0m 
[1m[35m[plugin 
angular-compiler][0m

    src/app/components/
patient-dashboard/patie
nt-dashboard.component.
html:551:87:
[37m      551 Γöé ...t
-weight:700;color:#2d34
36;">{{ p.items[0]?.[3
2mmedicineName[37m 
}}</div>
          Γò╡          
                       
               
[32m~~~~~~~~~~~~[0m

  Error occurs in the 
template of component P
atientDashboardComponen
t.

    src/app/components/
patient-dashboard/patie
nt-dashboard.component.
ts:25:17:
[37m      25 Γöé     
templateUrl: [32m'./pa
tient-dashboard.compone
nt.html'[37m,
         Γò╡           
       [32m~~~~~~~~~~~
~~~~~~~~~~~~~~~~~~~~~~~
~~[0m


[33mΓû▓ [43;33m[[43;
30mWARNING[43;33m][0m
 [1mNG8107: The left 
side of this optional 
chain operation does 
not include 'null' or 
'undefined' in its 
type, therefore the 
'?.' operator can be 
replaced with the '.' 
operator.[0m 
[1m[35m[plugin 
angular-compiler][0m

    src/app/components/
patient-dashboard/patie
nt-dashboard.component.
html:552:89:
[37m      552 Γöé ...t
-size:0.78rem;color:#63
6e72;">{{ p.items[0]?.
[32mdosage[37m }} ┬╖ 
Dr. {{
          Γò╡          
                       
                 
[32m~~~~~~[0m

  Error occurs in the 
template of component P
atientDashboardComponen
t.

    src/app/components/
patient-dashboard/patie
nt-dashboard.component.
ts:25:17:
[37m      25 Γöé     
templateUrl: [32m'./pa
tient-dashboard.compone
nt.html'[37m,
         Γò╡           
       [32m~~~~~~~~~~~
~~~~~~~~~~~~~~~~~~~~~~~
~~[0m


[33mΓû▓ [43;33m[[43;
30mWARNING[43;33m][0m
 [1mNG8107: The left 
side of this optional 
chain operation does 
not include 'null' or 
'undefined' in its 
type, therefore the 
'?.' operator can be 
replaced with the '.' 
operator.[0m 
[1m[35m[plugin 
angular-compiler][0m

    src/app/components/
patient-dashboard/patie
nt-dashboard.component.
html:568:45:
[37m      568 Γöé ... 
         <span>{{ p.ite
ms[0]?.[32mstartDate[
37m | date:'MMM d' 
}}</span>
          Γò╡          
                       
  [32m~~~~~~~~~[0m

  Error occurs in the 
template of component P
atientDashboardComponen
t.

    src/app/components/
patient-dashboard/patie
nt-dashboard.component.
ts:25:17:
[37m      25 Γöé     
templateUrl: [32m'./pa
tient-dashboard.compone
nt.html'[37m,
         Γò╡           
       [32m~~~~~~~~~~~
~~~~~~~~~~~~~~~~~~~~~~~
~~[0m


NOTE: Raw file sizes do not reflect development server per-request transformations.
[33mΓû▓ [43;33m[[43;
30mWARNING[43;33m][0m
 [1mNG8107: The left 
side of this optional 
chain operation does 
not include 'null' or 
'undefined' in its 
type, therefore the 
'?.' operator can be 
replaced with the '.' 
operator.[0m 
[1m[35m[plugin 
angular-compiler][0m

    src/app/components/
patient-dashboard/patie
nt-dashboard.component.
html:569:45:
[37m      569 Γöé ... 
           <span>{{ p.i
tems[0]?.[32mendDate[
37m | date:'MMM d' 
}}</span>
          Γò╡          
                       
    [32m~~~~~~~[0m

  Error occurs in the 
template of component P
atientDashboardComponen
t.

    src/app/components/
patient-dashboard/patie
nt-dashboard.component.
ts:25:17:
[37m      25 Γöé     
templateUrl: [32m'./pa
tient-dashboard.compone
nt.html'[37m,
         Γò╡           
       [32m~~~~~~~~~~~
~~~~~~~~~~~~~~~~~~~~~~~
~~[0m


[33mΓû▓ [43;33m[[43;
30mWARNING[43;33m][0m
 [1mNG8107: The left 
side of this optional 
chain operation does 
not include 'null' or 
'undefined' in its 
type, therefore the 
'?.' operator can be 
replaced with the '.' 
operator.[0m 
[1m[35m[plugin 
angular-compiler][0m

    src/app/components/
patient-dashboard/patie
nt-dashboard.component.
html:676:61:
[37m      676 Γöé ... 
                    {{ 
doc.fullName?.[32mchar
At[37m(0)?.toUpperCase
() }}
          Γò╡          
                       
         
[32m~~~~~~[0m

  Error occurs in the 
template of component P
atientDashboardComponen
t.

    src/app/components/
patient-dashboard/patie
nt-dashboard.component.
ts:25:17:
[37m      25 Γöé     
templateUrl: [32m'./pa
tient-dashboard.compone
nt.html'[37m,
         Γò╡           
       [32m~~~~~~~~~~~
~~~~~~~~~~~~~~~~~~~~~~~
~~[0m


[33mΓû▓ [43;33m[[43;
30mWARNING[43;33m][0m
 [1mTS-998113: 
VitalsChartComponent 
is not used within the 
template of PatientDash
boardComponent[0m 
[1m[35m[plugin 
angular-compiler][0m

    src/app/components/
patient-dashboard/patie
nt-dashboard.component.
ts:24:55:
[37m      24 Γöé 
...rModule, 
FormsModule, [32mVital
sChartComponent[37m, 
SosCardComponent, A...
         Γò╡           
               [32m~~~
~~~~~~~~~~~~~~~~~[0m


[33mΓû▓ [43;33m[[43;
30mWARNING[43;33m][0m
 [1mTS-998113: 
SosCardComponent is 
not used within the 
template of PatientDash
boardComponent[0m 
[1m[35m[plugin 
angular-compiler][0m

    src/app/components/
patient-dashboard/patie
nt-dashboard.component.
ts:24:77:
[37m      24 Γöé ..., 
VitalsChartComponent, 
[32mSosCardComponent[3
7m, AdherenceGaugeCompo
ne...
         Γò╡           
                 [32m~
~~~~~~~~~~~~~~~[0m


[33mΓû▓ [43;33m[[43;
30mWARNING[43;33m][0m
 [1mNG8107: The left 
side of this optional 
chain operation does 
not include 'null' or 
'undefined' in its 
type, therefore the 
'?.' operator can be 
replaced with the '.' 
operator.[0m 
[1m[35m[plugin 
angular-compiler][0m

    src/app/components/
prescription-list/presc
ription-list.component.
html:34:39:
[37m      34 Γöé      
               <td>{{ p
.items[0]?.[32mmedicin
eName[37m || 'N/A' 
}}</td>
         Γò╡           
                       
      
[32m~~~~~~~~~~~~[0m

  Error occurs in the 
template of component P
rescriptionListComponen
t.

    src/app/components/
prescription-list/presc
ription-list.component.
ts:12:17:
[37m      12 Γöé     
templateUrl: [32m'./pr
escription-list.compone
nt.html'[37m,
         Γò╡           
       [32m~~~~~~~~~~~
~~~~~~~~~~~~~~~~~~~~~~~
~~[0m


[33mΓû▓ [43;33m[[43;
30mWARNING[43;33m][0m
 [1mNG8107: The left 
side of this optional 
chain operation does 
not include 'null' or 
'undefined' in its 
type, therefore the 
'?.' operator can be 
replaced with the '.' 
operator.[0m 
[1m[35m[plugin 
angular-compiler][0m

    src/app/components/
prescription-list/presc
ription-list.component.
html:36:39:
[37m      36 Γöé      
               <td>{{ p
.items[0]?.[32mdosage
[37m }}</td>
         Γò╡           
                       
      [32m~~~~~~[0m

  Error occurs in the 
template of component P
rescriptionListComponen
t.

    src/app/components/
prescription-list/presc
ription-list.component.
ts:12:17:
[37m      12 Γöé     
templateUrl: [32m'./pr
escription-list.compone
nt.html'[37m,
         Γò╡           
       [32m~~~~~~~~~~~
~~~~~~~~~~~~~~~~~~~~~~~
~~[0m

[39m[22m
  [32mΓ₧£[39m  [1mLocal[22m:   [36mhttp://localhost:[1m4200[22m/[39m
[2m[32m  Γ₧£[39m[22m[2m  press [22m[1mh + enter[22m[2m to show help[22m
