Application bundle generation failed. [3.951 seconds]

node.exe : 
[1m[33m[33mΓû▓ [43;
33m[[43;30mWARNING[43
;33m][0m [1mNG8107: 
The left side of this 
optional chain 
operation does not 
include 'null' or 
'undefined' in its 
type, therefore the 
'?.' operator can be 
replaced with the '.' 
operator.[0m 
[1m[35m[plugin 
angular-compiler][0m
At C:\Program Files\nod
ejs\npx.ps1:29 char:3
+   & $NODE_EXE 
$NPX_CLI_JS $args
+   ~~~~~~~~~~~~~~~~~~~
~~~~~~~~~~
    + CategoryInfo     
         : NotSpecifi  
  ed: ([1m[33m[33   
 mΓ...r-compiler][    
0m:String) [], Rem    
oteException
    + FullyQualifiedEr 
   rorId : NativeComm  
  andError
 

    src/app/components/
doctor-dashboard/doctor
-dashboard.component.ht
ml:55:65:
[37m      55 Γöé ...  
          {{ req.prescr
iption?.[32mpatient[3
7m?.fullName || 
'Patient' }}
         Γò╡           
                       
   [32m~~~~~~~[0m

  Error occurs in the 
template of component D
octorDashboardComponent
.

    src/app/components/
doctor-dashboard/doctor
-dashboard.component.ts
:17:17:
[37m      17 Γöé     
templateUrl: [32m'./do
ctor-dashboard.componen
t.html'[37m,
         Γò╡           
       [32m~~~~~~~~~~~
~~~~~~~~~~~~~~~~~~~~~~~
~[0m


[33mΓû▓ [43;33m[[43;
30mWARNING[43;33m][0m
 [1mNG8107: The left 
side of this optional 
chain operation does 
not include 'null' or 
'undefined' in its 
type, therefore the 
'?.' operator can be 
replaced with the '.' 
operator.[0m 
[1m[35m[plugin 
angular-compiler][0m

    src/app/components/
doctor-dashboard/doctor
-dashboard.component.ht
ml:62:95:
[37m      62 Γöé 
...<td class="py-3 
text-muted small">{{ re
q.prescription?.[32mcr
eatedAt[37m |
         Γò╡           
                       
                       
  [32m~~~~~~~~~[0m

  Error occurs in the 
template of component D
octorDashboardComponent
.

    src/app/components/
doctor-dashboard/doctor
-dashboard.component.ts
:17:17:
[37m      17 Γöé     
templateUrl: [32m'./do
ctor-dashboard.componen
t.html'[37m,
         Γò╡           
       [32m~~~~~~~~~~~
~~~~~~~~~~~~~~~~~~~~~~~
~[0m


[33mΓû▓ [43;33m[[43;
30mWARNING[43;33m][0m
 [1mNG8107: The left 
side of this optional 
chain operation does 
not include 'null' or 
'undefined' in its 
type, therefore the 
'?.' operator can be 
replaced with the '.' 
operator.[0m 
[1m[35m[plugin 
angular-compiler][0m

    src/app/components/
doctor-dashboard/doctor
-dashboard.component.ht
ml:152:76:
[37m      152 Γöé 
...ss="small 
text-muted mb-3">{{draf
t.items?.[32mlength[3
7m || 0}} items</p>
          Γò╡          
                       
             
[32m~~~~~~[0m

  Error occurs in the 
template of component D
octorDashboardComponent
.

    src/app/components/
doctor-dashboard/doctor
-dashboard.component.ts
:17:17:
[37m      17 Γöé     
templateUrl: [32m'./do
ctor-dashboard.componen
t.html'[37m,
         Γò╡           
       [32m~~~~~~~~~~~
~~~~~~~~~~~~~~~~~~~~~~~
~[0m


[33mΓû▓ [43;33m[[43;
30mWARNING[43;33m][0m
 [1mNG8107: The left 
side of this optional 
chain operation does 
not include 'null' or 
'undefined' in its 
type, therefore the 
'?.' operator can be 
safely removed.[0m 
[1m[35m[plugin 
angular-compiler][0m

    src/app/components/
patient-dashboard/patie
nt-dashboard.component.
html:227:88:
[37m      227 Γöé 
...p.doctor?.fullName 
}} prescribed {{ [32mp
.items?.[0][37m?.medic
ineName ||
          Γò╡          
                       
       
[32m~~~~~~~~~~~~[0m

  Error occurs in the 
template of component P
atientDashboardComponen
t.

    src/app/components/
patient-dashboard/patie
nt-dashboard.component.
ts:22:17:
[37m      22 Γöé     
templateUrl: [32m'./pa
tient-dashboard.compone
nt.html'[37m,
         Γò╡           
       [32m~~~~~~~~~~~
~~~~~~~~~~~~~~~~~~~~~~~
~~[0m


[33mΓû▓ [43;33m[[43;
30mWARNING[43;33m][0m
 [1mNG8107: The left 
side of this optional 
chain operation does 
not include 'null' or 
'undefined' in its 
type, therefore the 
'?.' operator can be 
replaced with the '.' 
operator.[0m 
[1m[35m[plugin 
angular-compiler][0m

    src/app/components/
patient-dashboard/patie
nt-dashboard.component.
html:367:67:
[37m      367 Γöé ... 
                       
           {{ p.items[0
]?.[32mmedicineName[3
7m }}
          Γò╡          
                       
                     
[32m~~~~~~~~~~~~[0m

  Error occurs in the 
template of component P
atientDashboardComponen
t.

    src/app/components/
patient-dashboard/patie
nt-dashboard.component.
ts:22:17:
[37m      22 Γöé     
templateUrl: [32m'./pa
tient-dashboard.compone
nt.html'[37m,
         Γò╡           
       [32m~~~~~~~~~~~
~~~~~~~~~~~~~~~~~~~~~~~
~~[0m


[33mΓû▓ [43;33m[[43;
30mWARNING[43;33m][0m
 [1mNG8107: The left 
side of this optional 
chain operation does 
not include 'null' or 
'undefined' in its 
type, therefore the 
'?.' operator can be 
replaced with the '.' 
operator.[0m 
[1m[35m[plugin 
angular-compiler][0m

    src/app/components/
patient-dashboard/patie
nt-dashboard.component.
html:369:110:
[37m      369 Γöé ...t
yle="font-size:0.78rem;
 color:#636e72;">{{ p.i
tems[0]?.[32mdosage[3
7m }}
          Γò╡          
                       
                       
    [32m~~~~~~[0m

  Error occurs in the 
template of component P
atientDashboardComponen
t.

    src/app/components/
patient-dashboard/patie
nt-dashboard.component.
ts:22:17:
[37m      22 Γöé     
templateUrl: [32m'./pa
tient-dashboard.compone
nt.html'[37m,
         Γò╡           
       [32m~~~~~~~~~~~
~~~~~~~~~~~~~~~~~~~~~~~
~~[0m


[33mΓû▓ [43;33m[[43;
30mWARNING[43;33m][0m
 [1mNG8107: The left 
side of this optional 
chain operation does 
not include 'null' or 
'undefined' in its 
type, therefore the 
'?.' operator can be 
replaced with the '.' 
operator.[0m 
[1m[35m[plugin 
angular-compiler][0m

    src/app/components/
patient-dashboard/patie
nt-dashboard.component.
html:443:60:
[37m      443 Γöé ... 
                       
       p.items[0]?.[32
mmedicineName[37m 
}}</span>
          Γò╡          
                       
              
[32m~~~~~~~~~~~~[0m

  Error occurs in the 
template of component P
atientDashboardComponen
t.

    src/app/components/
patient-dashboard/patie
nt-dashboard.component.
ts:22:17:
[37m      22 Γöé     
templateUrl: [32m'./pa
tient-dashboard.compone
nt.html'[37m,
         Γò╡           
       [32m~~~~~~~~~~~
~~~~~~~~~~~~~~~~~~~~~~~
~~[0m


[33mΓû▓ [43;33m[[43;
30mWARNING[43;33m][0m
 [1mNG8107: The left 
side of this optional 
chain operation does 
not include 'null' or 
'undefined' in its 
type, therefore the 
'?.' operator can be 
replaced with the '.' 
operator.[0m 
[1m[35m[plugin 
angular-compiler][0m

    src/app/components/
patient-dashboard/patie
nt-dashboard.component.
html:586:87:
[37m      586 Γöé ...t
-weight:700;color:#2d34
36;">{{ p.items[0]?.[3
2mmedicineName[37m 
}}</div>
          Γò╡          
                       
               
[32m~~~~~~~~~~~~[0m

  Error occurs in the 
template of component P
atientDashboardComponen
t.

    src/app/components/
patient-dashboard/patie
nt-dashboard.component.
ts:22:17:
[37m      22 Γöé     
templateUrl: [32m'./pa
tient-dashboard.compone
nt.html'[37m,
         Γò╡           
       [32m~~~~~~~~~~~
~~~~~~~~~~~~~~~~~~~~~~~
~~[0m


[33mΓû▓ [43;33m[[43;
30mWARNING[43;33m][0m
 [1mNG8107: The left 
side of this optional 
chain operation does 
not include 'null' or 
'undefined' in its 
type, therefore the 
'?.' operator can be 
replaced with the '.' 
operator.[0m 
[1m[35m[plugin 
angular-compiler][0m

    src/app/components/
patient-dashboard/patie
nt-dashboard.component.
html:587:89:
[37m      587 Γöé ...t
-size:0.78rem;color:#63
6e72;">{{ p.items[0]?.
[32mdosage[37m }} ┬╖ 
Dr. {{
          Γò╡          
                       
                 
[32m~~~~~~[0m

  Error occurs in the 
template of component P
atientDashboardComponen
t.

    src/app/components/
patient-dashboard/patie
nt-dashboard.component.
ts:22:17:
[37m      22 Γöé     
templateUrl: [32m'./pa
tient-dashboard.compone
nt.html'[37m,
         Γò╡           
       [32m~~~~~~~~~~~
~~~~~~~~~~~~~~~~~~~~~~~
~~[0m


[33mΓû▓ [43;33m[[43;
30mWARNING[43;33m][0m
 [1mNG8107: The left 
side of this optional 
chain operation does 
not include 'null' or 
'undefined' in its 
type, therefore the 
'?.' operator can be 
replaced with the '.' 
operator.[0m 
[1m[35m[plugin 
angular-compiler][0m

    src/app/components/
patient-dashboard/patie
nt-dashboard.component.
html:603:45:
[37m      603 Γöé ... 
         <span>{{ p.ite
ms[0]?.[32mstartDate[
37m | date:'MMM d' 
}}</span>
          Γò╡          
                       
  [32m~~~~~~~~~[0m

  Error occurs in the 
template of component P
atientDashboardComponen
t.

    src/app/components/
patient-dashboard/patie
nt-dashboard.component.
ts:22:17:
[37m      22 Γöé     
templateUrl: [32m'./pa
tient-dashboard.compone
nt.html'[37m,
         Γò╡           
       [32m~~~~~~~~~~~
~~~~~~~~~~~~~~~~~~~~~~~
~~[0m


[33mΓû▓ [43;33m[[43;
30mWARNING[43;33m][0m
 [1mNG8107: The left 
side of this optional 
chain operation does 
not include 'null' or 
'undefined' in its 
type, therefore the 
'?.' operator can be 
replaced with the '.' 
operator.[0m 
[1m[35m[plugin 
angular-compiler][0m

    src/app/components/
patient-dashboard/patie
nt-dashboard.component.
html:604:45:
[37m      604 Γöé ... 
           <span>{{ p.i
tems[0]?.[32mendDate[
37m | date:'MMM d' 
}}</span>
          Γò╡          
                       
    [32m~~~~~~~[0m

  Error occurs in the 
template of component P
atientDashboardComponen
t.

    src/app/components/
patient-dashboard/patie
nt-dashboard.component.
ts:22:17:
[37m      22 Γöé     
templateUrl: [32m'./pa
tient-dashboard.compone
nt.html'[37m,
         Γò╡           
       [32m~~~~~~~~~~~
~~~~~~~~~~~~~~~~~~~~~~~
~~[0m


[33mΓû▓ [43;33m[[43;
30mWARNING[43;33m][0m
 [1mNG8107: The left 
side of this optional 
chain operation does 
not include 'null' or 
'undefined' in its 
type, therefore the 
'?.' operator can be 
replaced with the '.' 
operator.[0m 
[1m[35m[plugin 
angular-compiler][0m

    src/app/components/
patient-dashboard/patie
nt-dashboard.component.
html:711:61:
[37m      711 Γöé ... 
                    {{ 
doc.fullName?.[32mchar
At[37m(0)?.toUpperCase
() }}
          Γò╡          
                       
         
[32m~~~~~~[0m

  Error occurs in the 
template of component P
atientDashboardComponen
t.

    src/app/components/
patient-dashboard/patie
nt-dashboard.component.
ts:22:17:
[37m      22 Γöé     
templateUrl: [32m'./pa
tient-dashboard.compone
nt.html'[37m,
         Γò╡           
       [32m~~~~~~~~~~~
~~~~~~~~~~~~~~~~~~~~~~~
~~[0m


[33mΓû▓ [43;33m[[43;
30mWARNING[43;33m][0m
 [1mTS-998113: 
VitalsChartComponent 
is not used within the 
template of PatientDash
boardComponent[0m 
[1m[35m[plugin 
angular-compiler][0m

    src/app/components/
patient-dashboard/patie
nt-dashboard.component.
ts:21:55:
[37m      21 Γöé 
...outerModule, 
FormsModule, [32mVital
sChartComponent[37m, 
SosCardComponent],
         Γò╡           
                   [32
m~~~~~~~~~~~~~~~~~~~~[
0m


[33mΓû▓ [43;33m[[43;
30mWARNING[43;33m][0m
 [1mTS-998113: 
SosCardComponent is 
not used within the 
template of PatientDash
boardComponent[0m 
[1m[35m[plugin 
angular-compiler][0m

    src/app/components/
patient-dashboard/patie
nt-dashboard.component.
ts:21:77:
[37m      21 Γöé 
...outerModule, 
FormsModule, 
VitalsChartComponent, 
[32mSosCardComponent[3
7m],
         Γò╡           
                       
                  [32m
~~~~~~~~~~~~~~~~[0m


[33mΓû▓ [43;33m[[43;
30mWARNING[43;33m][0m
 [1mNG8107: The left 
side of this optional 
chain operation does 
not include 'null' or 
'undefined' in its 
type, therefore the 
'?.' operator can be 
replaced with the '.' 
operator.[0m 
[1m[35m[plugin 
angular-compiler][0m

    src/app/components/
prescription-list/presc
ription-list.component.
html:33:39:
[37m      33 Γöé      
               <td>{{ p
.items[0]?.[32mmedicin
eName[37m || 'N/A' 
}}</td>
         Γò╡           
                       
      
[32m~~~~~~~~~~~~[0m

  Error occurs in the 
template of component P
rescriptionListComponen
t.

    src/app/components/
prescription-list/presc
ription-list.component.
ts:12:17:
[37m      12 Γöé     
templateUrl: [32m'./pr
escription-list.compone
nt.html'[37m,
         Γò╡           
       [32m~~~~~~~~~~~
~~~~~~~~~~~~~~~~~~~~~~~
~~[0m


[33mΓû▓ [43;33m[[43;
30mWARNING[43;33m][0m
 [1mNG8107: The left 
side of this optional 
chain operation does 
not include 'null' or 
'undefined' in its 
type, therefore the 
'?.' operator can be 
replaced with the '.' 
operator.[0m 
[1m[35m[plugin 
angular-compiler][0m

    src/app/components/
prescription-list/presc
ription-list.component.
html:35:39:
[37m      35 Γöé      
               <td>{{ p
.items[0]?.[32mdosage
[37m }}</td>
         Γò╡           
                       
      [32m~~~~~~[0m

  Error occurs in the 
template of component P
rescriptionListComponen
t.

    src/app/components/
prescription-list/presc
ription-list.component.
ts:12:17:
[37m      12 Γöé     
templateUrl: [32m'./pr
escription-list.compone
nt.html'[37m,
         Γò╡           
       [32m~~~~~~~~~~~
~~~~~~~~~~~~~~~~~~~~~~~
~~[0m

[39m[22m
[1m[31m[31mX [41;31
m[[41;97mERROR[41;31m
][0m [1mTS1127: 
Invalid character.[0m 
[1m[35m[plugin 
angular-compiler][0m

    src/app/components/
pharmacist-dashboard/ph
armacist-dashboard.comp
onent.ts:206:24:
[37m      206 Γöé     
    link.download = [3
2m[37m\`Prescription-\
${id}.pdf\`;
          Γò╡          
               
[32m^[0m


[31mX [41;31m[[41;97
mERROR[41;31m][0m 
[1mTS1160: 
Unterminated template 
literal.[0m 
[1m[35m[plugin 
angular-compiler][0m

    src/app/components/
pharmacist-dashboard/ph
armacist-dashboard.comp
onent.ts:214:0:
[37m      214 Γöé 
[32m[37m
          Γò╡ 
[32m^[0m


[31mX [41;31m[[41;97
mERROR[41;31m][0m 
[1mUnexpected ";"[0m

    src/app/components/
pharmacist-dashboard/ph
armacist-dashboard.comp
onent.ts:233:32:
[37m      233 Γöé     
            
link.download = 
[32m;[37m
          Γò╡          
                       
[32m^[0m

[39m[22m
